MO SRA NULL SRA.v vlg76/_s_r_a.bin 1568069259
MO SRL NULL SRL.v vlg01/_s_r_l.bin 1568069259
MO SUB NULL SUB.v vlg06/_s_u_b.bin 1568069259
MO OR NULL OR.v vlg5D/_o_r.bin 1568069259
MO ADD NULL ADD.v vlg71/_a_d_d.bin 1568069259
MO NOR NULL NOR.v vlg7B/_n_o_r.bin 1568069259
MO AND NULL AND.v vlg23/_a_n_d.bin 1568069259
MO ALU NULL ALU.v vlg2A/_a_l_u.bin 1568069259
MO XOR NULL XOR.v vlg75/_x_o_r.bin 1568069259
MO PROGRAMA NULL PROGRAMA.v vlg49/_p_r_o_g_r_a_m_a.bin 1568069259
