Release 14.7 - xst P.20131013 (nt)
Copyright (c) 1995-2013 Xilinx, Inc.  All rights reserved.
--> Parameter TMPDIR set to xst/projnav.tmp


Total REAL time to Xst completion: 0.00 secs
Total CPU time to Xst completion: 0.46 secs
 
--> Parameter xsthdpdir set to xst


Total REAL time to Xst completion: 0.00 secs
Total CPU time to Xst completion: 0.47 secs
 
--> Reading design: PROGRAMA.prj

TABLE OF CONTENTS
  1) Synthesis Options Summary
  2) HDL Compilation
  3) Design Hierarchy Analysis
  4) HDL Analysis
  5) HDL Synthesis
     5.1) HDL Synthesis Report
  6) Advanced HDL Synthesis
     6.1) Advanced HDL Synthesis Report
  7) Low Level Synthesis
  8) Partition Report
  9) Final Report
	9.1) Device utilization summary
	9.2) Partition Resource Summary
	9.3) TIMING REPORT


=========================================================================
*                      Synthesis Options Summary                        *
=========================================================================
---- Source Parameters
Input File Name                    : "PROGRAMA.prj"
Input Format                       : mixed
Ignore Synthesis Constraint File   : NO

---- Target Parameters
Output File Name                   : "PROGRAMA"
Output Format                      : NGC
Target Device                      : xc3s100e-4-cp132

---- Source Options
Top Module Name                    : PROGRAMA
Automatic FSM Extraction           : YES
FSM Encoding Algorithm             : Auto
Safe Implementation                : No
FSM Style                          : LUT
RAM Extraction                     : Yes
RAM Style                          : Auto
ROM Extraction                     : Yes
Mux Style                          : Auto
Decoder Extraction                 : YES
Priority Encoder Extraction        : Yes
Shift Register Extraction          : YES
Logical Shifter Extraction         : YES
XOR Collapsing                     : YES
ROM Style                          : Auto
Mux Extraction                     : Yes
Resource Sharing                   : YES
Asynchronous To Synchronous        : NO
Multiplier Style                   : LUT
Automatic Register Balancing       : No

---- Target Options
Add IO Buffers                     : YES
Global Maximum Fanout              : 100000
Add Generic Clock Buffer(BUFG)     : 24
Register Duplication               : YES
Slice Packing                      : YES
Optimize Instantiated Primitives   : NO
Use Clock Enable                   : Yes
Use Synchronous Set                : Yes
Use Synchronous Reset              : Yes
Pack IO Registers into IOBs        : Auto
Equivalent register Removal        : YES

---- General Options
Optimization Goal                  : Speed
Optimization Effort                : 1
Keep Hierarchy                     : No
Netlist Hierarchy                  : As_Optimized
RTL Output                         : Yes
Global Optimization                : AllClockNets
Read Cores                         : YES
Write Timing Constraints           : NO
Cross Clock Analysis               : NO
Hierarchy Separator                : /
Bus Delimiter                      : <>
Case Specifier                     : Maintain
Slice Utilization Ratio            : 100
BRAM Utilization Ratio             : 100
Verilog 2001                       : YES
Auto BRAM Packing                  : NO
Slice Utilization Ratio Delta      : 5

=========================================================================


=========================================================================
*                          HDL Compilation                              *
=========================================================================
Compiling verilog file "XOR.v" in library work
Compiling verilog file "SUB.v" in library work
Module <XOR> compiled
Compiling verilog file "SRL.v" in library work
Module <SUB> compiled
Compiling verilog file "SRA.v" in library work
Module <SRL> compiled
Compiling verilog file "OR.v" in library work
Module <SRA> compiled
Compiling verilog file "NOR.v" in library work
Module <OR> compiled
Compiling verilog file "AND.v" in library work
Module <NOR> compiled
Compiling verilog file "ADD.v" in library work
Module <AND> compiled
Compiling verilog file "ALU.v" in library work
Module <ADD> compiled
Compiling verilog file "PROGRAMA.v" in library work
Module <ALU> compiled
Module <PROGRAMA> compiled
No errors in compilation
Analysis of file <"PROGRAMA.prj"> succeeded.
 

=========================================================================
*                     Design Hierarchy Analysis                         *
=========================================================================
Analyzing hierarchy for module <PROGRAMA> in library <work>.

Analyzing hierarchy for module <ALU> in library <work>.

Analyzing hierarchy for module <ADD> in library <work>.

Analyzing hierarchy for module <SUB> in library <work>.

Analyzing hierarchy for module <AND> in library <work>.

Analyzing hierarchy for module <OR> in library <work>.

Analyzing hierarchy for module <XOR> in library <work>.

Analyzing hierarchy for module <SRA> in library <work>.

Analyzing hierarchy for module <SRL> in library <work>.

Analyzing hierarchy for module <NOR> in library <work>.


=========================================================================
*                            HDL Analysis                               *
=========================================================================
Analyzing top module <PROGRAMA>.
Module <PROGRAMA> is correct for synthesis.
 
Analyzing module <ALU> in library <work>.
WARNING:Xst:863 - "ALU.v" line 24: Name conflict (<o> and <O>, renaming o as o_rnm0).
WARNING:Xst:905 - "ALU.v" line 41: One or more signals are missing in the sensitivity list of always block. To enable synthesis of FPGA/CPLD hardware, XST will assume that all necessary signals are present in the sensitivity list. Please note that the result of the synthesis may differ from the initial design specification. The missing signals are:
   <sum>, <s2>, <rest>, <s1>, <y>, <o_rnm0>, <x>, <no>
Module <ALU> is correct for synthesis.
 
Analyzing module <ADD> in library <work>.
Module <ADD> is correct for synthesis.
 
Analyzing module <SUB> in library <work>.
Module <SUB> is correct for synthesis.
 
Analyzing module <AND> in library <work>.
Module <AND> is correct for synthesis.
 
Analyzing module <OR> in library <work>.
Module <OR> is correct for synthesis.
 
Analyzing module <XOR> in library <work>.
Module <XOR> is correct for synthesis.
 
Analyzing module <SRA> in library <work>.
Module <SRA> is correct for synthesis.
 
Analyzing module <SRL> in library <work>.
Module <SRL> is correct for synthesis.
 
Analyzing module <NOR> in library <work>.
Module <NOR> is correct for synthesis.
 

=========================================================================
*                           HDL Synthesis                               *
=========================================================================

Performing bidirectional port resolution...

Synthesizing Unit <ADD>.
    Related source file is "ADD.v".
    Found 8-bit adder for signal <Z>.
    Summary:
	inferred   1 Adder/Subtractor(s).
Unit <ADD> synthesized.


Synthesizing Unit <SUB>.
    Related source file is "SUB.v".
    Found 8-bit subtractor for signal <Z>.
    Summary:
	inferred   1 Adder/Subtractor(s).
Unit <SUB> synthesized.


Synthesizing Unit <AND>.
    Related source file is "AND.v".
Unit <AND> synthesized.


Synthesizing Unit <OR>.
    Related source file is "OR.v".
Unit <OR> synthesized.


Synthesizing Unit <XOR>.
    Related source file is "XOR.v".
    Found 8-bit xor2 for signal <Z>.
Unit <XOR> synthesized.


Synthesizing Unit <SRA>.
    Related source file is "SRA.v".
    Found 8-bit shifter arithmetic right for signal <Z$shift0000>.
    Summary:
	inferred   1 Combinational logic shifter(s).
Unit <SRA> synthesized.


Synthesizing Unit <SRL>.
    Related source file is "SRL.v".
    Found 8-bit shifter logical right for signal <Z$shift0000>.
    Summary:
	inferred   1 Combinational logic shifter(s).
Unit <SRL> synthesized.


Synthesizing Unit <NOR>.
    Related source file is "NOR.v".
Unit <NOR> synthesized.


Synthesizing Unit <ALU>.
    Related source file is "ALU.v".
Unit <ALU> synthesized.


Synthesizing Unit <PROGRAMA>.
    Related source file is "PROGRAMA.v".
    Found 8-bit register for signal <DATOA>.
    Found 8-bit register for signal <DATOB>.
    Found 8-bit register for signal <OP>.
    Summary:
	inferred  24 D-type flip-flop(s).
Unit <PROGRAMA> synthesized.


=========================================================================
HDL Synthesis Report

Macro Statistics
# Adders/Subtractors                                   : 2
 8-bit adder                                           : 1
 8-bit subtractor                                      : 1
# Registers                                            : 3
 8-bit register                                        : 3
# Logic shifters                                       : 2
 8-bit shifter arithmetic right                        : 1
 8-bit shifter logical right                           : 1
# Xors                                                 : 1
 8-bit xor2                                            : 1

=========================================================================

=========================================================================
*                       Advanced HDL Synthesis                          *
=========================================================================


=========================================================================
Advanced HDL Synthesis Report

Macro Statistics
# Adders/Subtractors                                   : 2
 8-bit adder                                           : 1
 8-bit subtractor                                      : 1
# Registers                                            : 24
 Flip-Flops                                            : 24
# Logic shifters                                       : 2
 8-bit shifter arithmetic right                        : 1
 8-bit shifter logical right                           : 1
# Xors                                                 : 1
 8-bit xor2                                            : 1

=========================================================================

=========================================================================
*                         Low Level Synthesis                           *
=========================================================================
WARNING:Xst:2170 - Unit ALU : the following signal(s) form a combinatorial loop: s1<7>.

Optimizing unit <PROGRAMA> ...

Optimizing unit <ALU> ...

Mapping all equations...
Building and optimizing final netlist ...
Found area constraint ratio of 100 (+ 5) on block PROGRAMA, actual ratio is 6.

Final Macro Processing ...

=========================================================================
Final Register Report

Macro Statistics
# Registers                                            : 24
 Flip-Flops                                            : 24

=========================================================================

=========================================================================
*                           Partition Report                            *
=========================================================================

Partition Implementation Status
-------------------------------

  No Partitions were found in this design.

-------------------------------

=========================================================================
*                            Final Report                               *
=========================================================================
Final Results
RTL Top Level Output File Name     : PROGRAMA.ngr
Top Level Output File Name         : PROGRAMA
Output Format                      : NGC
Optimization Goal                  : Speed
Keep Hierarchy                     : No

Design Statistics
# IOs                              : 20

Cell Usage :
# BELS                             : 137
#      GND                         : 1
#      LUT2                        : 22
#      LUT3                        : 20
#      LUT4                        : 53
#      MUXCY                       : 14
#      MUXF5                       : 10
#      VCC                         : 1
#      XORCY                       : 16
# FlipFlops/Latches                : 24
#      FDE                         : 24
# Clock Buffers                    : 1
#      BUFGP                       : 1
# IO Buffers                       : 19
#      IBUF                        : 11
#      OBUF                        : 8
=========================================================================

Device utilization summary:
---------------------------

Selected Device : 3s100ecp132-4 

 Number of Slices:                       53  out of    960     5%  
 Number of Slice Flip Flops:             24  out of   1920     1%  
 Number of 4 input LUTs:                 95  out of   1920     4%  
 Number of IOs:                          20
 Number of bonded IOBs:                  20  out of     83    24%  
 Number of GCLKs:                         1  out of     24     4%  

---------------------------
Partition Resource Summary:
---------------------------

  No Partitions were found in this design.

---------------------------


=========================================================================
TIMING REPORT

NOTE: THESE TIMING NUMBERS ARE ONLY A SYNTHESIS ESTIMATE.
      FOR ACCURATE TIMING INFORMATION PLEASE REFER TO THE TRACE REPORT
      GENERATED AFTER PLACE-and-ROUTE.

Clock Information:
------------------
-----------------------------------+------------------------+-------+
Clock Signal                       | Clock buffer(FF name)  | Load  |
-----------------------------------+------------------------+-------+
CLK                                | BUFGP                  | 24    |
-----------------------------------+------------------------+-------+

Asynchronous Control Signals Information:
----------------------------------------
No asynchronous control signals found in this design

Timing Summary:
---------------
Speed Grade: -4

   Minimum period: No path found
   Minimum input arrival time before clock: 4.291ns
   Maximum output required time after clock: 13.727ns
   Maximum combinational path delay: No path found

Timing Detail:
--------------
All values displayed in nanoseconds (ns)

=========================================================================
Timing constraint: Default OFFSET IN BEFORE for Clock 'CLK'
  Total number of paths / destination ports: 72 / 48
-------------------------------------------------------------------------
Offset:              4.291ns (Levels of Logic = 2)
  Source:            BOT<0> (PAD)
  Destination:       DATOB_0 (FF)
  Destination Clock: CLK rising

  Data Path: BOT<0> to DATOB_0
                                Gate     Net
    Cell:in->out      fanout   Delay   Delay  Logical Name (Net Name)
    ----------------------------------------  ------------
     IBUF:I->O            10   1.218   1.057  BOT_0_IBUF (BOT_0_IBUF)
     LUT2:I0->O            8   0.704   0.757  DATOB_not00011 (DATOB_not0001)
     FDE:CE                    0.555          DATOB_0
    ----------------------------------------
    Total                      4.291ns (2.477ns logic, 1.814ns route)
                                       (57.7% logic, 42.3% route)

=========================================================================
Timing constraint: Default OFFSET OUT AFTER for Clock 'CLK'
  Total number of paths / destination ports: 891 / 8
-------------------------------------------------------------------------
Offset:              13.727ns (Levels of Logic = 9)
  Source:            DATOB_6 (FF)
  Destination:       LED<6> (PAD)
  Source Clock:      CLK rising

  Data Path: DATOB_6 to LED<6>
                                Gate     Net
    Cell:in->out      fanout   Delay   Delay  Logical Name (Net Name)
    ----------------------------------------  ------------
     FDE:C->Q              4   0.591   0.762  DATOB_6 (DATOB_6)
     LUT4:I0->O            1   0.704   0.000  alu/salida<0>11 (alu/salida<0>1)
     MUXF5:I0->O           5   0.321   0.808  alu/salida<0>1_f5 (alu/N01)
     LUT3:I0->O            3   0.704   0.610  alu/sra1/Z<7>1 (alu/s1<7>)
     LUT3:I1->O            1   0.704   0.424  alu/salida<0>4_SW1 (N26)
     LUT4:I3->O            7   0.704   0.712  alu/salida<0>4 (alu/N12)
     LUT4:I3->O            1   0.704   0.455  alu/salida<6>26 (alu/salida<6>26)
     LUT3:I2->O            1   0.704   0.424  alu/salida<6>196_SW0 (N12)
     LUT4:I3->O            1   0.704   0.420  alu/salida<6>196 (LED_6_OBUF)
     OBUF:I->O                 3.272          LED_6_OBUF (LED<6>)
    ----------------------------------------
    Total                     13.727ns (9.112ns logic, 4.615ns route)
                                       (66.4% logic, 33.6% route)

=========================================================================


Total REAL time to Xst completion: 28.00 secs
Total CPU time to Xst completion: 28.03 secs
 
--> 

Total memory usage is 201716 kilobytes

Number of errors   :    0 (   0 filtered)
Number of warnings :    3 (   0 filtered)
Number of infos    :    0 (   0 filtered)

